####################################################################
# report_annotated_parasitics: Sat Feb  4 22:19:29 2023
#   view: ana_1
#   -list_not_annotated
####################################################################
#
# list syntax: type: net_name [nrCap Cap nrXCap XCap nrRes Res]
# unit: pF, Ohm

# Summary of Annotated Parasitics:
+------------------------------------------------------------------------------+
|    Net Type         |    Count   |   Annotated (%)     | Not Annotated (%)   |
+---------------------+------------+---------------------+---------------------+
| total               |        168 |        109 64.88%   |         59 35.12%   |
+---------------------+------------+---------------------+---------------------+
| 0-term:floating (*) |          5 |          0  0.00%   |          5 100.00%   |
| no drive (*)        |          6 |          0  0.00%   |          6 100.00%   |
| 1-term:no load      |         23 |          0  0.00%   |         23 100.00%   |
| real net (complete) |        134 |        109 81.34%   |         25 18.66%   |
| real net (broken)   |          0 |          0  0.00%   |          0  0.00%   |
| zero capacitance net|          0 |          0  0.00%   |          0  0.00%   |
+------------------------------------------------------------------------------+
Note for Net Types marked "(*)":  Such nets are never timed, but reported here for informational purpose.

+-----------------------------------------------------------------+
| Annotated |    Res (KOhm)   |    Cap (pF)     |    XCap (pF)    |
+-----------+-----------------+-----------------+-----------------+
| Count     |          1295   |          1023   |             0   |
| Value     |        4.7052   |        0.5734   |        0.0000   |
+-----------------------------------------------------------------+
